// Jest Snapshot v1, https://goo.gl/fbAQLP

exports[`AddProperty component renders correctly 1`] = `[Function]`;
