// Jest Snapshot v1, https://goo.gl/fbAQLP

exports[`alert component renders correctly 1`] = `[Function]`;
