// Jest Snapshot v1, https://goo.gl/fbAQLP

exports[`NavBar component renders with correct props 1`] = `[Function]`;
