// Jest Snapshot v1, https://goo.gl/fbAQLP

exports[`PropertyCard renders with correct props 1`] = `[Function]`;
