// Jest Snapshot v1, https://goo.gl/fbAQLP

exports[`SideBarForm components renders with correct props 1`] = `[Function]`;
